{
  "version": "1.5.0",
  "plugins_used": [
    {
      "name": "ArtifactoryDetector"
    },
    {
      "name": "AWSKeyDetector"
    },
    {
      "name": "AzureStorageKeyDetector"
    },
    {
      "name": "Base64HighEntropyString",
      "limit": 4.5
    },
    {
      "name": "BasicAuthDetector"
    },
    {
      "name": "CloudantDetector"
    },
    {
      "name": "DiscordBotTokenDetector"
    },
    {
      "name": "GitHubTokenDetector"
    },
    {
      "name": "GitLabTokenDetector"
    },
    {
      "name": "HexHighEntropyString",
      "limit": 3.0
    },
    {
      "name": "IbmCloudIamDetector"
    },
    {
      "name": "IbmCosHmacDetector"
    },
    {
      "name": "IPPublicDetector"
    },
    {
      "name": "JwtTokenDetector"
    },
    {
      "name": "KeywordDetector",
      "keyword_exclude": ""
    },
    {
      "name": "MailchimpDetector"
    },
    {
      "name": "NpmDetector"
    },
    {
      "name": "OpenAIDetector"
    },
    {
      "name": "PrivateKeyDetector"
    },
    {
      "name": "PypiTokenDetector"
    },
    {
      "name": "SendGridDetector"
    },
    {
      "name": "SlackDetector"
    },
    {
      "name": "SoftlayerDetector"
    },
    {
      "name": "SquareOAuthDetector"
    },
    {
      "name": "StripeDetector"
    },
    {
      "name": "TelegramBotTokenDetector"
    },
    {
      "name": "TwilioKeyDetector"
    }
  ],
  "filters_used": [
    {
      "path": "detect_secrets.filters.allowlist.is_line_allowlisted"
    },
    {
      "path": "detect_secrets.filters.common.is_baseline_file",
      "filename": ".secrets.baseline"
    },
    {
      "path": "detect_secrets.filters.common.is_ignored_due_to_verification_policies",
      "min_level": 2
    },
    {
      "path": "detect_secrets.filters.heuristic.is_indirect_reference"
    },
    {
      "path": "detect_secrets.filters.heuristic.is_likely_id_string"
    },
    {
      "path": "detect_secrets.filters.heuristic.is_lock_file"
    },
    {
      "path": "detect_secrets.filters.heuristic.is_not_alphanumeric_string"
    },
    {
      "path": "detect_secrets.filters.heuristic.is_potential_uuid"
    },
    {
      "path": "detect_secrets.filters.heuristic.is_prefixed_with_dollar_sign"
    },
    {
      "path": "detect_secrets.filters.heuristic.is_sequential_string"
    },
    {
      "path": "detect_secrets.filters.heuristic.is_swagger_file"
    },
    {
      "path": "detect_secrets.filters.heuristic.is_templated_secret"
    }
  ],
  "results": {
    "docs/CONTRACT_INTEGRATION_GUIDE.md": [
      {
        "type": "Secret Keyword",
        "filename": "docs/CONTRACT_INTEGRATION_GUIDE.md",
        "hashed_secret": "9d4e1e23bd5b727046a9e3b4b7db57bd8d6ee684",
        "is_verified": false,
        "line_number": 238
      },
      {
        "type": "Secret Keyword",
        "filename": "docs/CONTRACT_INTEGRATION_GUIDE.md",
        "hashed_secret": "cbfdac6008f9cab4083784cbd1874f76618d2a97",
        "is_verified": false,
        "line_number": 250
      }
    ],
    "docs/DEVELOPER_A_RETEST_GUIDANCE.md": [
      {
        "type": "Basic Auth Credentials",
        "filename": "docs/DEVELOPER_A_RETEST_GUIDANCE.md",
        "hashed_secret": "9e4da2668cf1ed5f6fae72027f4b90a3920aad9a",
        "is_verified": false,
        "line_number": 80
      }
    ],
    "docs/SERVICE_AUDIT_COMPLETE.md": [
      {
        "type": "Basic Auth Credentials",
        "filename": "docs/SERVICE_AUDIT_COMPLETE.md",
        "hashed_secret": "daf7874a01b543dd1ab8cf31d9bb69888c99a5dd",
        "is_verified": false,
        "line_number": 68
      }
    ],
    "scripts/debug_auth_tests.sh": [
      {
        "type": "Basic Auth Credentials",
        "filename": "scripts/debug_auth_tests.sh",
        "hashed_secret": "daf7874a01b543dd1ab8cf31d9bb69888c99a5dd",
        "is_verified": false,
        "line_number": 18
      }
    ],
    "services/core-api/AUTH_TESTING_REPORT.md": [
      {
        "type": "Secret Keyword",
        "filename": "services/core-api/AUTH_TESTING_REPORT.md",
        "hashed_secret": "72559b51f94a7a3ad058c5740cbe2f7cb0d4080b",
        "is_verified": false,
        "line_number": 78
      }
    ],
    "services/core-api/auth_service.py": [
      {
        "type": "Secret Keyword",
        "filename": "services/core-api/auth_service.py",
        "hashed_secret": "e403110c81737b5b86a22d9ccba84645da915153",
        "is_verified": false,
        "line_number": 130
      }
    ],
    "shared/contracts/docs/US_79_P0_FIXES.md": [
      {
        "type": "Secret Keyword",
        "filename": "shared/contracts/docs/US_79_P0_FIXES.md",
        "hashed_secret": "9d4e1e23bd5b727046a9e3b4b7db57bd8d6ee684",
        "is_verified": false,
        "line_number": 181
      },
      {
        "type": "Secret Keyword",
        "filename": "shared/contracts/docs/US_79_P0_FIXES.md",
        "hashed_secret": "a0f4ea7d91495df92bbac2e2149dfb850fe81396",
        "is_verified": false,
        "line_number": 184
      }
    ],
    "tasks/DEV_A_404_FIX_COMPLETE.md": [
      {
        "type": "Secret Keyword",
        "filename": "tasks/DEV_A_404_FIX_COMPLETE.md",
        "hashed_secret": "968c06f748d5e67634d99ad0b212e4e8c3b8ccd9",
        "is_verified": false,
        "line_number": 50
      },
      {
        "type": "Basic Auth Credentials",
        "filename": "tasks/DEV_A_404_FIX_COMPLETE.md",
        "hashed_secret": "daf7874a01b543dd1ab8cf31d9bb69888c99a5dd",
        "is_verified": false,
        "line_number": 51
      }
    ],
    "tasks/DEV_A_PHASE2_DEBUG.md": [
      {
        "type": "Secret Keyword",
        "filename": "tasks/DEV_A_PHASE2_DEBUG.md",
        "hashed_secret": "6052acf657148ec39725c596e25bd0612fd301a6",
        "is_verified": false,
        "line_number": 58
      },
      {
        "type": "Basic Auth Credentials",
        "filename": "tasks/DEV_A_PHASE2_DEBUG.md",
        "hashed_secret": "daf7874a01b543dd1ab8cf31d9bb69888c99a5dd",
        "is_verified": false,
        "line_number": 112
      }
    ],
    "tasks/DEV_A_PHASE2_FINAL.md": [
      {
        "type": "Secret Keyword",
        "filename": "tasks/DEV_A_PHASE2_FINAL.md",
        "hashed_secret": "968c06f748d5e67634d99ad0b212e4e8c3b8ccd9",
        "is_verified": false,
        "line_number": 81
      },
      {
        "type": "Basic Auth Credentials",
        "filename": "tasks/DEV_A_PHASE2_FINAL.md",
        "hashed_secret": "daf7874a01b543dd1ab8cf31d9bb69888c99a5dd",
        "is_verified": false,
        "line_number": 82
      }
    ],
    "tasks/DEV_A_PHASE2_FIXES_COMPLETE.md": [
      {
        "type": "Secret Keyword",
        "filename": "tasks/DEV_A_PHASE2_FIXES_COMPLETE.md",
        "hashed_secret": "968c06f748d5e67634d99ad0b212e4e8c3b8ccd9",
        "is_verified": false,
        "line_number": 124
      },
      {
        "type": "Basic Auth Credentials",
        "filename": "tasks/DEV_A_PHASE2_FIXES_COMPLETE.md",
        "hashed_secret": "daf7874a01b543dd1ab8cf31d9bb69888c99a5dd",
        "is_verified": false,
        "line_number": 125
      },
      {
        "type": "Secret Keyword",
        "filename": "tasks/DEV_A_PHASE2_FIXES_COMPLETE.md",
        "hashed_secret": "0c6ba03885f3aae765fbf20f07f514a44dbda30a",
        "is_verified": false,
        "line_number": 212
      },
      {
        "type": "Secret Keyword",
        "filename": "tasks/DEV_A_PHASE2_FIXES_COMPLETE.md",
        "hashed_secret": "1ded3053d0363079a4e681a3b700435d6d880290",
        "is_verified": false,
        "line_number": 233
      }
    ],
    "tasks/active/DATABASE_CREDENTIALS_REFERENCE.md": [
      {
        "type": "Basic Auth Credentials",
        "filename": "tasks/active/DATABASE_CREDENTIALS_REFERENCE.md",
        "hashed_secret": "daf7874a01b543dd1ab8cf31d9bb69888c99a5dd",
        "is_verified": false,
        "line_number": 37
      },
      {
        "type": "Secret Keyword",
        "filename": "tasks/active/DATABASE_CREDENTIALS_REFERENCE.md",
        "hashed_secret": "daf7874a01b543dd1ab8cf31d9bb69888c99a5dd",
        "is_verified": false,
        "line_number": 109
      }
    ],
    "tasks/active/DEVELOPER_A_AGE_INDEX_MIGRATION.md": [
      {
        "type": "Basic Auth Credentials",
        "filename": "tasks/active/DEVELOPER_A_AGE_INDEX_MIGRATION.md",
        "hashed_secret": "daf7874a01b543dd1ab8cf31d9bb69888c99a5dd",
        "is_verified": false,
        "line_number": 90
      }
    ],
    "tasks/active/DEVELOPER_A_PRODUCTION_CRITICAL_WORK.md": [
      {
        "type": "Secret Keyword",
        "filename": "tasks/active/DEVELOPER_A_PRODUCTION_CRITICAL_WORK.md",
        "hashed_secret": "7288edd0fc3ffcbe93a0cf06e3568e28521687bc",
        "is_verified": false,
        "line_number": 391
      }
    ],
    "tasks/active/US79_TAIGA_UPDATE_PLAN.md": [
      {
        "type": "Secret Keyword",
        "filename": "tasks/active/US79_TAIGA_UPDATE_PLAN.md",
        "hashed_secret": "f865b53623b121fd34ee5426c792e5c33af8c227",
        "is_verified": false,
        "line_number": 273
      }
    ],
    "tasks/active/US_88_KICKOFF_AND_PHASE_1.md": [
      {
        "type": "Basic Auth Credentials",
        "filename": "tasks/active/US_88_KICKOFF_AND_PHASE_1.md",
        "hashed_secret": "9d4e1e23bd5b727046a9e3b4b7db57bd8d6ee684",
        "is_verified": false,
        "line_number": 319
      }
    ]
  },
  "generated_at": "2025-10-24T21:15:41Z"
}
